
exports[`App snapshot test 1`] = `
<div
  className="sc-bcPKhP cXLcSG"
>
  <button
    className="sc-grXZZQ cNigXn"
    onClick={[Function]}
    variant="default"
  >
    Default
  </button>
  <button
    className="sc-grXZZQ inGhuy"
    onClick={[Function]}
    variant="success"
  >
    Success
  </button>
  <button
    className="sc-grXZZQ comLvX"
    onClick={[Function]}
    variant="error"
  >
    Error
  </button>
  <button
    className="sc-grXZZQ hXZtxu"
    onClick={[Function]}
    variant="warning"
  >
    Warning
  </button>
  <button
    className="sc-grXZZQ jpqACA"
    onClick={[Function]}
    variant="info"
  >
    Info
  </button>
</div>
`;
